// Jest Snapshot v1, https://goo.gl/fbAQLP

exports[`expects to render the card component 1`] = `ShallowWrapper {}`;
