// Jest Snapshot v1, https://goo.gl/fbAQLP

exports[`renders the MainPage without crashing 1`] = `ShallowWrapper {}`;
