// Jest Snapshot v1, https://goo.gl/fbAQLP

exports[`renders searchbox component 1`] = `ShallowWrapper {}`;
